// Jest Snapshot v1, https://goo.gl/fbAQLP

exports[`components/SubscriptionForm should render 1`] = `
<div>
  <form>
    <div
      class="MuiBox-root MuiBox-root-1"
    >
      <p
        class="MuiTypography-root sc-dlnjwi gIeIxe MuiTypography-body1"
      >
        test
      </p>
      <label
        class="MuiFormLabel-root MuiInputLabel-root sc-hKFxyN fIcukl MuiInputLabel-shrink"
        data-shrink="true"
      >
        test
      </label>
      <div
        class="sc-bdnxRM ijokhQ"
      >
        <svg
          aria-hidden="true"
          class="MuiSvgIcon-root"
          focusable="false"
          style="font-size: 40px;"
          viewBox="0 0 24 24"
        >
          <path
            d="M20 4H4c-1.11 0-1.99.89-1.99 2L2 18c0 1.11.89 2 2 2h16c1.11 0 2-.89 2-2V6c0-1.11-.89-2-2-2zm0 14H4v-6h16v6zm0-10H4V6h16v2z"
          />
        </svg>
        <label
          class="MuiFormLabel-root MuiInputLabel-root sc-jSFjdj jfMEkW MuiInputLabel-shrink"
          data-shrink="true"
        >
          Price:
        </label>
        <label
          class="MuiFormLabel-root MuiInputLabel-root sc-jSFjdj jfMEkW MuiInputLabel-shrink"
          data-shrink="true"
        >
          $
          0
        </label>
      </div>
      <label
        class="MuiFormLabel-root MuiInputLabel-root sc-eCApnc iNiMum MuiInputLabel-shrink"
        data-shrink="true"
      >
        Choose Payment method
      </label>
      <div
        class="sc-gtsrHT cMLYIe"
      >
        <button
          class="MuiButtonBase-root MuiButton-root MuiButton-contained MuiButton-containedPrimary"
          style="background: grey; margin-left: 10px;"
          tabindex="0"
          type="submit"
        >
          <span
            class="MuiButton-label"
          >
            Pay by Card
          </span>
          <span
            class="MuiTouchRipple-root"
          />
        </button>
        <button
          class="MuiButtonBase-root MuiButton-root MuiButton-contained MuiButton-containedPrimary"
          style="background: grey; margin-left: 50px;"
          tabindex="0"
          type="submit"
        >
          <span
            class="MuiButton-label"
          >
            Pay by Blik
          </span>
          <span
            class="MuiTouchRipple-root"
          />
        </button>
      </div>
    </div>
  </form>
</div>
`;
