// Jest Snapshot v1, https://goo.gl/fbAQLP

exports[`components/MyCourses should render 1`] = `
<div>
  <div
    class="MuiBox-root MuiBox-root-1"
    style="margin-left: 20px; margin-right: 20px;"
  >
    <h2
      class="MuiTypography-root MuiTypography-h4 MuiTypography-alignLeft"
    >
      Subscribed
    </h2>
    <hr
      class="MuiDivider-root"
      style="color: black; height: 5px; margin-top: 30px; margin-bottom: 30px;"
    />
    <ul
      class="MuiGridList-root"
      style="margin: -2px;"
    />
  </div>
</div>
`;
